// Jest Snapshot v1, https://goo.gl/fbAQLP

exports[`Touchable snapshot 1`] = `
<Touchable>
  <div />
</Touchable>
`;
